d:\qt-project\app_v1.0.3\app\ui_mainwindow.h
d:\qt-project\app_v1.0.3\app\ui_open_window.h
d:\qt-project\app_v1.0.3\app\debug\moc_mainwindow.cpp
d:\qt-project\app_v1.0.3\app\debug\moc_open_window.cpp
d:\qt-project\app_v1.0.4\app\ui_mainwindow.h
d:\qt-project\app_v1.0.4\app\ui_open_window.h
d:\qt-project\app_v1.0.4\app\debug\moc_mainwindow.cpp
d:\qt-project\app_v1.0.4\app\debug\moc_open_window.cpp
d:\qt-project\app_v1.0.4\app\debug\open_window.obj
d:\qt-project\app_v1.0.4\app\debug\timerthread.obj
d:\qt-project\app_v1.0.4\app\debug\mainwindow.obj
d:\qt-project\app_v1.0.4\app\debug\main.obj
d:\qt-project\app_v1.0.4\app\debug\vc143.pdb
d:\qt-project\app_v1.0.4\app\debug\moc_open_window.obj
d:\qt-project\app_v1.0.4\app\debug\moc_mainwindow.obj
d:\qt-project\app_v1.0.4\app\debug\app.exe
d:\qt-project\app_v1.0.4\app\debug\app.pdb
d:\qt-project\app_v1.0.4\app\debug\app.ilk
d:\qt-project\app_v1.0.4\app\debug\app.tlog\app.write.1u.tlog
d:\qt-project\app_v1.0.4\app\debug\app.tlog\cl.command.1.tlog
d:\qt-project\app_v1.0.4\app\debug\app.tlog\cl.items.tlog
d:\qt-project\app_v1.0.4\app\debug\app.tlog\cl.read.1.tlog
d:\qt-project\app_v1.0.4\app\debug\app.tlog\cl.write.1.tlog
d:\qt-project\app_v1.0.4\app\debug\app.tlog\link.command.1.tlog
d:\qt-project\app_v1.0.4\app\debug\app.tlog\link.read.1.tlog
d:\qt-project\app_v1.0.4\app\debug\app.tlog\link.secondary.1.tlog
d:\qt-project\app_v1.0.4\app\debug\app.tlog\link.write.1.tlog
d:\qt-project\app_v1.0.4\app\debug\app.tlog\moc.read.1u.tlog
d:\qt-project\app_v1.0.4\app\debug\app.tlog\moc.write.1u.tlog
d:\qt-project\app_v1.0.4\app\debug\app.tlog\uic.read.1u.tlog
d:\qt-project\app_v1.0.4\app\debug\app.tlog\uic.write.1u.tlog
